Target: https://www.samsungvx.com/  depth=10
Mode: crawl + graph only (no test-case generation)
Output: samsungvx-200-states

INFO    qagen.crawler      state N001  https://www.samsungvx.com/  (28 elements, 0 forms)
INFO    qagen.crawler      state N010  https://www.samsungvx.com/terms  (9 elements, 0 forms)
INFO    qagen.crawler      state N013  https://www.samsungvx.com/privacy  (10 elements, 0 forms)
INFO    qagen.crawler      state N014  https://www.samsungvx.com/cookie  (9 elements, 0 forms)
INFO    qagen.crawler      state N015  https://www.samsungvx.com/euda  (9 elements, 0 forms)
INFO    qagen.crawler      state N008  https://www.samsungvx.com/screen  (23 elements, 0 forms)
INFO    qagen.crawler      state N009  https://www.samsungvx.com/content  (6 elements, 0 forms)
INFO    qagen.crawler      state N027  https://www.samsungvx.com/playlist  (22 elements, 0 forms)
INFO    qagen.crawler      state N038  https://www.samsungvx.com/schedule  (1 elements, 0 forms)
INFO    qagen.crawler      state N039  https://www.samsungvx.com/channel  (21 elements, 0 forms)
INFO    qagen.crawler      state N040  https://www.samsungvx.com/apps  (19 elements, 0 forms)
INFO    qagen.crawler      state N041  https://www.samsungvx.com/content  (4 elements, 0 forms)
INFO    qagen.crawler      state N042  https://www.samsungvx.com/playlist  (21 elements, 0 forms)
INFO    qagen.crawler      state N043  https://www.samsungvx.com/schedule  (21 elements, 0 forms)
INFO    qagen.crawler      state N044  https://www.samsungvx.com/apps  (63 elements, 0 forms)
INFO    qagen.crawler      state N045  https://www.samsungvx.com/playlist/sync/create  (31 elements, 0 forms)
INFO    qagen.crawler      state N037  https://www.samsungvx.com/playlist/create  (30 elements, 0 forms)
                     Run summary                     
 States discovered  33                               
 Graph              45 nodes / 91 edges              
 Elements           1060 actionable / 1060 extracted 
 Clicks made        80                               
 Elements skipped   101                              
 Mutations blocked  3                                
 Duration           1035.2s                          

Wrote output to samsungvx-200-states
                                                                               
                               Discovered states                               
+-----------------------------------------------------------------------------+
| ID     | Type     | Title        | URL           | Main | Act | Intr |  DOM |
|--------+----------+--------------+---------------+------+-----+------+------|
| N001 * | page     | HOME |       | https://www.… |   19 |  28 |   28 |  425 |
|        |          | Samsung VXT  |               |      |     |      |      |
|        |          | CMS          |               |      |     |      |      |
| N002   | boundary | vxt.samsung… | vxt.samsung.… |    0 |   0 |    0 |    - |
| N003   | page     | HOME |       | https://www.… |   20 |  29 |   29 |  429 |
|        |          | Samsung VXT  |               |      |     |      |      |
|        |          | CMS —        |               |      |     |      |      |
|        |          | .st0{opac    |               |      |     |      |      |
| N004   | dropdown | HOME |       | https://www.… |   22 |  31 |   31 |  432 |
|        |          | Samsung VXT  |               |      |     |      |      |
|        |          | CMS — New    |               |      |     |      |      |
| N005   | page     | HOME |       | https://www.… |   21 |  30 |   30 |  519 |
|        |          | Samsung VXT  |               |      |     |      |      |
|        |          | CMS — New —  |               |      |     |      |      |
|        |          | spa          |               |      |     |      |      |
| N006   | page     | HOME |       | https://www.… |   20 |  29 |   29 |  453 |
|        |          | Samsung VXT  |               |      |     |      |      |
|        |          | CMS — New —  |               |      |     |      |      |
|        |          | Add          |               |      |     |      |      |
| N007   | dropdown | HOME |       | https://www.… |   21 |  30 |   30 |  436 |
|        |          | Samsung VXT  |               |      |     |      |      |
|        |          | CMS — New    |               |      |     |      |      |
| N008   | page     | Screen |     | https://www.… |   12 |  23 |   23 |  551 |
|        |          | Samsung VXT  |               |      |     |      |      |
|        |          | CMS          |               |      |     |      |      |
| N009   | page     | Content |    | https://www.… |    4 |   6 |    6 |  526 |
|        |          | Samsung VXT  |               |      |     |      |      |
|        |          | CMS          |               |      |     |      |      |
| N010   | page     | Terms and    | https://www.… |    0 |   9 |    9 |  160 |
|        |          | Conditions | |               |      |     |      |      |
|        |          | Samsung VXT  |               |      |     |      |      |
| N011   | dropdown | Terms and    | https://www.… |    9 |  19 |   19 | 1036 |
|        |          | Conditions | |               |      |     |      |      |
|        |          | Samsung VXT  |               |      |     |      |      |
| N012   | page     | Terms and    | https://www.… |    1 |   9 |    9 |  358 |
|        |          | Conditions | |               |      |     |      |      |
|        |          | Samsung VXT  |               |      |     |      |      |
| N013   | page     | Privacy      | https://www.… |    1 |  10 |   10 |  169 |
|        |          | Policy |     |               |      |     |      |      |
|        |          | Samsung VXT  |               |      |     |      |      |
|        |          | CMS          |               |      |     |      |      |
| N014   | page     | Cookie       | https://www.… |    0 |   9 |    9 |  166 |
|        |          | Policy |     |               |      |     |      |      |
|        |          | Samsung VXT  |               |      |     |      |      |
|        |          | CMS          |               |      |     |      |      |
| N015   | page     | Samsung VXT  | https://www.… |    0 |   9 |    9 |  166 |
|        |          | CMS          |               |      |     |      |      |
| N016   | page     | Playlist |   | https://www.… |   10 |  23 |   23 |  486 |
|        |          | Samsung VXT  |               |      |     |      |      |
|        |          | CMS          |               |      |     |      |      |
| N017   | page     | Schedule |   | https://www.… |    1 |  23 |   23 |  515 |
|        |          | Samsung VXT  |               |      |     |      |      |
|        |          | CMS          |               |      |     |      |      |
| N018   | page     | Channel |    | https://www.… |    1 |  23 |   23 |  521 |
|        |          | Samsung VXT  |               |      |     |      |      |
|        |          | CMS          |               |      |     |      |      |
| N019   | page     | Screen |     | https://www.… |    2 |  14 |   14 |  513 |
|        |          | Samsung VXT  |               |      |     |      |      |
|        |          | CMS — Open   |               |      |     |      |      |
|        |          | Ta           |               |      |     |      |      |
| N020   | page     | Samsung VXT  | https://www.… |  138 | 156 |  156 | 1231 |
|        |          | CMS          |               |      |     |      |      |
| N021   | page     | Channel |    | https://www.… |    2 |  14 |   14 |  440 |
|        |          | Samsung VXT  |               |      |     |      |      |
|        |          | CMS          |               |      |     |      |      |
| N022   | page     | Content |    | https://www.… |    3 |   7 |    7 |  450 |
|        |          | Samsung VXT  |               |      |     |      |      |
|        |          | CMS          |               |      |     |      |      |
| N023   | page     | Screen |     | https://www.… |    1 |  22 |   22 |  462 |
|        |          | Samsung VXT  |               |      |     |      |      |
|        |          | CMS — Open   |               |      |     |      |      |
|        |          | Ta           |               |      |     |      |      |
| N024   | page     | Playlist |   | https://www.… |    1 |  14 |   14 |  454 |
|        |          | Samsung VXT  |               |      |     |      |      |
|        |          | CMS          |               |      |     |      |      |
| N025   | page     | Schedule |   | https://www.… |    1 |  14 |   14 |  430 |
|        |          | Samsung VXT  |               |      |     |      |      |
|        |          | CMS          |               |      |     |      |      |
| N026   | page     | Screen |     | https://www.… |    4 |  24 |   24 |  489 |
|        |          | Samsung VXT  |               |      |     |      |      |
|        |          | CMS — CHITNU |               |      |     |      |      |
| N027   | page     | Playlist |   | https://www.… |    1 |  22 |   22 |  507 |
|        |          | Samsung VXT  |               |      |     |      |      |
|        |          | CMS          |               |      |     |      |      |
| N028   | page     | Schedule |   | https://www.… |    1 |  22 |   22 |  514 |
|        |          | Samsung VXT  |               |      |     |      |      |
|        |          | CMS          |               |      |     |      |      |
| N029   | page     | Channel |    | https://www.… |    1 |  22 |   22 |  521 |
|        |          | Samsung VXT  |               |      |     |      |      |
|        |          | CMS          |               |      |     |      |      |
| N030   | dropdown | Content |    | https://www.… |   10 |  13 |   13 |  471 |
|        |          | Samsung VXT  |               |      |     |      |      |
|        |          | CMS — Add Co |               |      |     |      |      |
| N031   | page     | Content |    | https://www.… |   24 |  27 |   27 | 1267 |
|        |          | Samsung VXT  |               |      |     |      |      |
|        |          | CMS — Add Co |               |      |     |      |      |
| N032   | page     | Content |    | https://www.… |   16 |  19 |   19 |  544 |
|        |          | Samsung VXT  |               |      |     |      |      |
|        |          | CMS — Add Co |               |      |     |      |      |
| N033   | page     | Content |    | https://www.… |   14 |  17 |   17 |  534 |
|        |          | Samsung VXT  |               |      |     |      |      |
|        |          | CMS — Add Co |               |      |     |      |      |
| N034   | dropdown | Playlist |   | https://www.… |    6 |  27 |   27 |  442 |
|        |          | Samsung VXT  |               |      |     |      |      |
|        |          | CMS — New P  |               |      |     |      |      |
| N035   | page     | Playlist |   | https://www.… |   15 |  36 |   36 |  510 |
|        |          | Samsung VXT  |               |      |     |      |      |
|        |          | CMS — New P  |               |      |     |      |      |
| N036   | page     | Playlist |   | https://www.… |   20 |  38 |   38 |  677 |
|        |          | Samsung VXT  |               |      |     |      |      |
|        |          | CMS          |               |      |     |      |      |
| N037   | page     | Playlist |   | https://www.… |   12 |  31 |   31 |  448 |
|        |          | Samsung VXT  |               |      |     |      |      |
|        |          | CMS          |               |      |     |      |      |
| N038   | page     | Schedule |   | https://www.… |    0 |   1 |    1 |  116 |
|        |          | Samsung VXT  |               |      |     |      |      |
|        |          | CMS          |               |      |     |      |      |
| N039   | page     | Channel |    | https://www.… |    0 |  21 |   21 |  330 |
|        |          | Samsung VXT  |               |      |     |      |      |
|        |          | CMS          |               |      |     |      |      |
| N040   | page     | Samsung VXT  | https://www.… |    0 |  19 |   19 |  262 |
|        |          | CMS          |               |      |     |      |      |
| N041   | page     | Content |    | https://www.… |    1 |   4 |    4 |  281 |
|        |          | Samsung VXT  |               |      |     |      |      |
|        |          | CMS          |               |      |     |      |      |
| N042   | page     | Playlist |   | https://www.… |    0 |  21 |   21 |  353 |
|        |          | Samsung VXT  |               |      |     |      |      |
|        |          | CMS          |               |      |     |      |      |
| N043   | page     | Schedule |   | https://www.… |    0 |  21 |   21 |  321 |
|        |          | Samsung VXT  |               |      |     |      |      |
|        |          | CMS          |               |      |     |      |      |
| N044   | page     | Samsung VXT  | https://www.… |   44 |  63 |   63 |  531 |
|        |          | CMS          |               |      |     |      |      |
| N045   | page     | Playlist |   | https://www.… |   12 |  31 |   31 |  455 |
|        |          | Samsung VXT  |               |      |     |      |      |
|        |          | CMS          |               |      |     |      |      |
+-----------------------------------------------------------------------------+
Main = actionable in the content area (excludes the header/left menu) · Act = 
all actionable · Intr = extracted · DOM = nodes on the page.
45 states, 91 transitions, 1060 actionable elements (491 outside the app 
frame). Open navgraph.mmd in VS Code or GitHub to view the map.
