Target: https://www.samsungvx.com/  depth=20
Mode: crawl + graph only (no test-case generation)
Output: samsungvx-200-final

INFO    qagen.crawler      state N001  https://www.samsungvx.com/  (45 elements, 0 forms)
INFO    qagen.crawler      state N018  https://www.samsungvx.com/terms  (12 elements, 0 forms)
INFO    qagen.crawler      state N019  https://www.samsungvx.com/privacy  (13 elements, 0 forms)
INFO    qagen.crawler      state N020  https://www.samsungvx.com/cookie  (12 elements, 0 forms)
INFO    qagen.crawler      state N021  https://www.samsungvx.com/euda  (12 elements, 0 forms)
INFO    qagen.crawler      state N003  https://www.samsungvx.com/  (46 elements, 0 forms)
INFO    qagen.crawler      state N004  https://www.samsungvx.com/screen  (52 elements, 0 forms)
INFO    qagen.crawler      state N031  https://www.samsungvx.com/content  (67 elements, 0 forms)
INFO    qagen.crawler      state N040  https://www.samsungvx.com/playlist  (67 elements, 0 forms)
INFO    qagen.crawler      state N048  https://www.samsungvx.com/schedule  (61 elements, 0 forms)
INFO    qagen.crawler      state N008  https://www.samsungvx.com/  (48 elements, 0 forms)
INFO    qagen.crawler      state N009  https://www.samsungvx.com/  (47 elements, 0 forms)
INFO    qagen.crawler      state N010  https://www.samsungvx.com/  (50 elements, 0 forms)
INFO    qagen.crawler      state N058  https://www.samsungvx.com/screen  (51 elements, 0 forms)
INFO    qagen.crawler      state N059  https://www.samsungvx.com/content  (67 elements, 0 forms)
INFO    qagen.crawler      state N011  https://www.samsungvx.com/settings/subscription/{id}  (37 elements, 0 forms)
INFO    qagen.crawler      state N012  https://www.samsungvx.com/  (47 elements, 0 forms)
INFO    qagen.crawler      state N013  https://www.samsungvx.com/settings/edithome  (46 elements, 0 forms)
INFO    qagen.crawler      state N014  https://www.samsungvx.com/vxtlabs  (30 elements, 0 forms)
INFO    qagen.crawler      state N015  https://www.samsungvx.com/  (59 elements, 0 forms)
INFO    qagen.crawler      state N016  https://www.samsungvx.com/  (48 elements, 0 forms)
INFO    qagen.crawler      state N017  https://www.samsungvx.com/  (45 elements, 0 forms)
INFO    qagen.crawler      state N082  https://www.samsungvx.com/screen  (54 elements, 0 forms)
INFO    qagen.crawler      state N084  https://www.samsungvx.com/screen  (54 elements, 0 forms)
INFO    qagen.crawler      state N085  https://www.samsungvx.com/screen  (50 elements, 0 forms)
INFO    qagen.crawler      state N086  https://www.samsungvx.com/channel  (62 elements, 0 forms)
INFO    qagen.crawler      state N029  https://www.samsungvx.com/screen  (43 elements, 0 forms)
INFO    qagen.crawler      state N030  https://www.samsungvx.com/apps  (167 elements, 0 forms)
INFO    qagen.crawler      state N032  https://www.samsungvx.com/content  (133 elements, 0 forms)
INFO    qagen.crawler      state N033  https://www.samsungvx.com/content  (72 elements, 0 forms)
INFO    qagen.crawler      state N034  https://www.samsungvx.com/content  (74 elements, 0 forms)
INFO    qagen.crawler      state N035  https://www.samsungvx.com/content  (75 elements, 0 forms)
INFO    qagen.crawler      state N036  https://www.samsungvx.com/content  (69 elements, 0 forms)
INFO    qagen.crawler      state N037  https://www.samsungvx.com/content/{id}  (42 elements, 0 forms)
INFO    qagen.crawler      state N038  https://www.samsungvx.com/content  (75 elements, 0 forms)
INFO    qagen.crawler      state N039  https://www.samsungvx.com/content  (133 elements, 0 forms)
INFO    qagen.crawler      state N041  https://www.samsungvx.com/playlist  (115 elements, 0 forms)
INFO    qagen.crawler      state N042  https://www.samsungvx.com/playlist  (71 elements, 0 forms)
INFO    qagen.crawler      state N043  https://www.samsungvx.com/playlist  (72 elements, 0 forms)
INFO    qagen.crawler      state N044  https://www.samsungvx.com/playlist  (75 elements, 0 forms)
INFO    qagen.crawler      state N045  https://www.samsungvx.com/playlist  (69 elements, 0 forms)
INFO    qagen.crawler      state N046  https://www.samsungvx.com/playlist/{id}  (46 elements, 0 forms)
INFO    qagen.crawler      state N047  https://www.samsungvx.com/playlist  (75 elements, 0 forms)
INFO    qagen.crawler      state N049  https://www.samsungvx.com/schedule  (107 elements, 0 forms)
INFO    qagen.crawler      state N050  https://www.samsungvx.com/schedule  (65 elements, 0 forms)
INFO    qagen.crawler      state N051  https://www.samsungvx.com/schedule  (64 elements, 0 forms)
INFO    qagen.crawler      state N052  https://www.samsungvx.com/schedule  (69 elements, 0 forms)
INFO    qagen.crawler      state N053  https://www.samsungvx.com/schedule  (63 elements, 0 forms)
INFO    qagen.crawler      state N054  https://www.samsungvx.com/schedule/{id}  (46 elements, 0 forms)
INFO    qagen.crawler      state N055  https://www.samsungvx.com/schedule  (69 elements, 0 forms)
INFO    qagen.crawler      state N056  https://www.samsungvx.com/  (48 elements, 0 forms)
INFO    qagen.crawler      state N057  https://www.samsungvx.com/playlist/create  (42 elements, 0 forms)
INFO    qagen.crawler      state N118  https://www.samsungvx.com/settings/techinquiry  (24 elements, 0 forms)
INFO    qagen.crawler      state N060  https://www.samsungvx.com/settings  (32 elements, 0 forms)
INFO    qagen.crawler      state N061  https://www.samsungvx.com/settings/subscription/{id}  (39 elements, 0 forms)
INFO    qagen.crawler      state N062  https://www.samsungvx.com/settings/organization  (42 elements, 1 forms)
INFO    qagen.crawler      state N126  https://www.samsungvx.com/settings/place  (37 elements, 0 forms)
INFO    qagen.crawler      state N064  https://www.samsungvx.com/settings/user  (36 elements, 0 forms)
INFO    qagen.crawler      state N065  https://www.samsungvx.com/settings/subscription  (47 elements, 0 forms)
INFO    qagen.crawler      state N066  https://www.samsungvx.com/settings/tag  (28 elements, 0 forms)
INFO    qagen.crawler      state N067  https://www.samsungvx.com/settings/event  (25 elements, 0 forms)
INFO    qagen.crawler      state N068  https://www.samsungvx.com/settings/screenpreset  (26 elements, 0 forms)
INFO    qagen.crawler      state N069  https://www.samsungvx.com/settings/emergencyalert  (23 elements, 0 forms)
INFO    qagen.crawler      state N137  https://www.samsungvx.com/settings/activitylog  (35 elements, 0 forms)
INFO    qagen.crawler      state N071  https://www.samsungvx.com/settings/subscription/{id}  (43 elements, 0 forms)
INFO    qagen.crawler      state N072  https://www.samsungvx.com/settings/subscription/{id}  (39 elements, 0 forms)
INFO    qagen.crawler      state N073  https://www.samsungvx.com/settings/edithome  (54 elements, 0 forms)
INFO    qagen.crawler      state N074  https://www.samsungvx.com/settings/edithome  (128 elements, 0 forms)
INFO    qagen.crawler      state N075  https://www.samsungvx.com/settings/edithome  (48 elements, 0 forms)
INFO    qagen.crawler      state N077  https://www.samsungvx.com/vxtlabs  (33 elements, 0 forms)
INFO    qagen.crawler      state N078  https://www.samsungvx.com/vxtlabs  (50 elements, 0 forms)
INFO    qagen.crawler      state N087  https://www.samsungvx.com/channel  (108 elements, 0 forms)
INFO    qagen.crawler      state N088  https://www.samsungvx.com/channel  (66 elements, 0 forms)
INFO    qagen.crawler      state N089  https://www.samsungvx.com/channel  (65 elements, 0 forms)
INFO    qagen.crawler      state N090  https://www.samsungvx.com/channel  (70 elements, 0 forms)
INFO    qagen.crawler      state N091  https://www.samsungvx.com/channel  (64 elements, 0 forms)
INFO    qagen.crawler      state N092  https://www.samsungvx.com/channel/{id}  (45 elements, 0 forms)
INFO    qagen.crawler      state N093  https://www.samsungvx.com/channel  (70 elements, 0 forms)
INFO    qagen.crawler      state N094  https://www.samsungvx.com/apps  (186 elements, 0 forms)
INFO    qagen.crawler      state N100  https://www.samsungvx.com/content  (73 elements, 0 forms)
INFO    qagen.crawler      state N147  https://www.samsungvx.com/content  (70 elements, 0 forms)
INFO    qagen.crawler      state N097  https://www.samsungvx.com/content/{id}  (52 elements, 0 forms)
INFO    qagen.crawler      state N149  https://www.samsungvx.com/content/{id}  (47 elements, 0 forms)
INFO    qagen.crawler      state N146  https://www.samsungvx.com/content  (139 elements, 0 forms)
INFO    qagen.crawler      state N095  https://www.samsungvx.com/content  (73 elements, 0 forms)
INFO    qagen.crawler      state N101  https://www.samsungvx.com/playlist  (73 elements, 0 forms)
INFO    qagen.crawler      state N102  https://www.samsungvx.com/playlist  (70 elements, 0 forms)
INFO    qagen.crawler      state N103  https://www.samsungvx.com/playlist/{id}  (49 elements, 0 forms)
INFO    qagen.crawler      state N104  https://www.samsungvx.com/playlist  (121 elements, 0 forms)
INFO    qagen.crawler      state N105  https://www.samsungvx.com/schedule  (67 elements, 0 forms)
INFO    qagen.crawler      state N106  https://www.samsungvx.com/schedule/create  (44 elements, 0 forms)
INFO    qagen.crawler      state N107  https://www.samsungvx.com/schedule  (64 elements, 0 forms)
INFO    qagen.crawler      state N109  https://www.samsungvx.com/schedule/{id}  (49 elements, 0 forms)
INFO    qagen.crawler      state N110  https://www.samsungvx.com/schedule/{id}  (118 elements, 0 forms)
INFO    qagen.crawler      state N111  https://www.samsungvx.com/schedule/{id}  (49 elements, 0 forms)
INFO    qagen.crawler      state N112  https://www.samsungvx.com/schedule/{id}  (49 elements, 0 forms)
INFO    qagen.crawler      state N114  https://www.samsungvx.com/schedule/{id}  (46 elements, 0 forms)
INFO    qagen.crawler      state N116  https://www.samsungvx.com/playlist/create  (68 elements, 0 forms)
INFO    qagen.crawler      state N117  https://www.samsungvx.com/playlist/create  (45 elements, 0 forms)
INFO    qagen.crawler      state N119  https://www.samsungvx.com/settings/techinquiry  (30 elements, 0 forms)
INFO    qagen.crawler      state N120  https://www.samsungvx.com/settings/techinquirynew  (35 elements, 0 forms)
INFO    qagen.crawler      state N081  https://www.samsungvx.com/settings  (38 elements, 0 forms)
INFO    qagen.crawler      state N121  https://www.samsungvx.com/settings/organization  (49 elements, 0 forms)
INFO    qagen.crawler      state N122  https://www.samsungvx.com/settings/organization  (58 elements, 0 forms)
INFO    qagen.crawler      state N123  https://www.samsungvx.com/settings/organization  (42 elements, 0 forms)
INFO    qagen.crawler      state N124  https://www.samsungvx.com/settings/organization  (46 elements, 0 forms)
INFO    qagen.crawler      state N125  https://www.samsungvx.com/settings/organization  (48 elements, 1 forms)
INFO    qagen.crawler      state N127  https://www.samsungvx.com/settings/place/{id}  (52 elements, 0 forms)
INFO    qagen.crawler      state N128  https://www.samsungvx.com/settings/user  (30 elements, 0 forms)
INFO    qagen.crawler      state N129  https://www.samsungvx.com/settings/user  (34 elements, 0 forms)
INFO    qagen.crawler      state N130  https://www.samsungvx.com/settings/subscription  (32 elements, 0 forms)
INFO    qagen.crawler      state N131  https://www.samsungvx.com/settings/tag/{id}  (48 elements, 0 forms)
INFO    qagen.crawler      state N132  https://www.samsungvx.com/settings/event/create  (42 elements, 0 forms)
INFO    qagen.crawler      state N133  https://www.samsungvx.com/settings/screenpreset  (26 elements, 0 forms)
INFO    qagen.crawler      state N134  https://www.samsungvx.com/settings/screenpreset  (26 elements, 0 forms)
INFO    qagen.crawler      state N135  https://www.samsungvx.com/settings/screenpreset  (44 elements, 0 forms)
INFO    qagen.crawler      state N136  https://www.samsungvx.com/settings/emergencyalert/create  (31 elements, 0 forms)
INFO    qagen.crawler      state N138  https://www.samsungvx.com/channel  (68 elements, 0 forms)
INFO    qagen.crawler      state N139  https://www.samsungvx.com/channel/create  (41 elements, 0 forms)
INFO    qagen.crawler      state N140  https://www.samsungvx.com/channel  (65 elements, 0 forms)
INFO    qagen.crawler      state N141  https://www.samsungvx.com/channel/{id}  (48 elements, 0 forms)
INFO    qagen.crawler      state N142  https://www.samsungvx.com/channel/{id}  (56 elements, 0 forms)
INFO    qagen.crawler      state N144  https://www.samsungvx.com/channel/{id}  (48 elements, 0 forms)
INFO    qagen.crawler      state N145  https://www.samsungvx.com/channel/{id}  (42 elements, 0 forms)
INFO    qagen.crawler      state N148  https://www.samsungvx.com/content/{id}  (139 elements, 0 forms)
INFO    qagen.crawler      state N151  https://www.samsungvx.com/playlist/{id}  (53 elements, 0 forms)
INFO    qagen.crawler      state N153  https://www.samsungvx.com/schedule/{id}  (53 elements, 0 forms)
INFO    qagen.crawler      state N154  https://www.samsungvx.com/schedule/{id}  (66 elements, 0 forms)
INFO    qagen.crawler      state N156  https://www.samsungvx.com/settings/techinquirynew  (41 elements, 0 forms)
INFO    qagen.crawler      state N157  https://www.samsungvx.com/settings/place/{id}  (51 elements, 0 forms)
INFO    qagen.crawler      state N158  https://www.samsungvx.com/settings/place/{id}  (41 elements, 0 forms)
INFO    qagen.crawler      state N159  https://www.samsungvx.com/settings/place/{id}  (48 elements, 0 forms)
INFO    qagen.crawler      state N160  https://www.samsungvx.com/settings/place/{id}  (58 elements, 0 forms)
INFO    qagen.crawler      state N161  https://www.samsungvx.com/settings/place/{id}  (47 elements, 0 forms)
INFO    qagen.crawler      state N162  https://www.samsungvx.com/settings/place/{id}  (56 elements, 0 forms)
INFO    qagen.crawler      state N163  https://www.samsungvx.com/settings/place/{id}  (54 elements, 0 forms)
INFO    qagen.crawler      state N164  https://www.samsungvx.com/settings/user  (57 elements, 0 forms)
INFO    qagen.crawler      state N165  https://www.samsungvx.com/settings/user  (42 elements, 0 forms)
INFO    qagen.crawler      state N166  https://www.samsungvx.com/settings/subscription  (39 elements, 0 forms)
INFO    qagen.crawler      state N167  https://www.samsungvx.com/settings/tag/{id}  (47 elements, 0 forms)
INFO    qagen.crawler      state N168  https://www.samsungvx.com/settings/tag/{id}  (48 elements, 0 forms)
INFO    qagen.crawler      state N169  https://www.samsungvx.com/settings/tag/{id}  (55 elements, 0 forms)
INFO    qagen.crawler      state N170  https://www.samsungvx.com/settings/tag/{id}  (58 elements, 0 forms)
INFO    qagen.crawler      state N171  https://www.samsungvx.com/settings/tag/{id}  (49 elements, 0 forms)
INFO    qagen.crawler      state N172  https://www.samsungvx.com/settings/tag/{id}  (49 elements, 0 forms)
INFO    qagen.crawler      state N173  https://www.samsungvx.com/settings/event/create  (43 elements, 0 forms)
INFO    qagen.crawler      state N174  https://www.samsungvx.com/settings/event/create  (42 elements, 0 forms)
INFO    qagen.crawler      state N175  https://www.samsungvx.com/settings/event/create  (37 elements, 0 forms)
INFO    qagen.crawler      state N176  https://www.samsungvx.com/settings/event/create  (38 elements, 0 forms)
INFO    qagen.crawler      state N177  https://www.samsungvx.com/settings/event/create  (49 elements, 0 forms)
INFO    qagen.crawler      state N178  https://www.samsungvx.com/settings/screenpreset  (44 elements, 0 forms)
INFO    qagen.crawler      state N179  https://www.samsungvx.com/settings/screenpreset  (40 elements, 0 forms)
INFO    qagen.crawler      state N193  https://www.samsungvx.com/settings/screenpreset/profile/signage  (108 elements, 0 forms)
INFO    qagen.crawler      state N181  https://www.samsungvx.com/settings/emergencyalert/create  (43 elements, 0 forms)
INFO    qagen.crawler      state N195  https://www.samsungvx.com/settings/emergencyalert/create  (38 elements, 0 forms)
INFO    qagen.crawler      state N197  https://www.samsungvx.com/channel/{id}  (64 elements, 0 forms)
INFO    qagen.crawler      state N184  https://www.samsungvx.com/channel/{id}  (50 elements, 0 forms)
INFO    qagen.crawler      state N186  https://www.samsungvx.com/settings/place/{id}  (52 elements, 0 forms)
INFO    qagen.crawler      state N187  https://www.samsungvx.com/settings/place/{id}  (66 elements, 0 forms)
INFO    qagen.crawler      state N188  https://www.samsungvx.com/settings/place/{id}  (66 elements, 0 forms)
INFO    qagen.crawler      state N189  https://www.samsungvx.com/settings/place/{id}  (66 elements, 0 forms)
INFO    qagen.crawler      state N191  https://www.samsungvx.com/settings/screenpreset/certificate/create  (27 elements, 0 forms)
INFO    qagen.crawler      state N199  https://www.samsungvx.com/settings/screenpreset/firmware/create  (29 elements, 0 forms)
INFO    qagen.crawler      state N180  https://www.samsungvx.com/settings/screenpreset/profile/signage  (107 elements, 0 forms)
INFO    qagen.crawler      state N200  https://www.samsungvx.com/settings/screenpreset/firmware/create  (28 elements, 0 forms)
                      Run summary                      
 States discovered  165                                
 Graph              200 nodes / 697 edges              
 Elements           11258 actionable / 11258 extracted 
 Clicks made        730                                
 Elements skipped   3173                               
 Mutations blocked  215                                
 Duration           11922.3s                           

Wrote output to samsungvx-200-final
                                                                               
                               Discovered states                               
+-----------------------------------------------------------------------------+
| ID     | Type     | Title        | URL           | Main | Act | Intr |  DOM |
|--------+----------+--------------+---------------+------+-----+------+------|
| N001 * | page     | HOME |       | https://www.… |   31 |  45 |   45 |  430 |
|        |          | Samsung VXT  |               |      |     |      |      |
|        |          | CMS          |               |      |     |      |      |
| N002   | boundary | vxt.samsung… | vxt.samsung.… |    0 |   0 |    0 |    - |
| N003   | page     | HOME |       | https://www.… |   32 |  46 |   46 |  434 |
|        |          | Samsung VXT  |               |      |     |      |      |
|        |          | CMS —        |               |      |     |      |      |
|        |          | Default W    |               |      |     |      |      |
| N004   | page     | Screen |     | https://www.… |   27 |  52 |   52 |  552 |
|        |          | Samsung VXT  |               |      |     |      |      |
|        |          | CMS          |               |      |     |      |      |
| N005   | page     | Content |    | https://www.… |   47 |  70 |   70 |  673 |
|        |          | Samsung VXT  |               |      |     |      |      |
|        |          | CMS          |               |      |     |      |      |
| N006   | page     | Playlist |   | https://www.… |   24 |  70 |   70 |  654 |
|        |          | Samsung VXT  |               |      |     |      |      |
|        |          | CMS          |               |      |     |      |      |
| N007   | page     | Schedule |   | https://www.… |   16 |  64 |   64 |  619 |
|        |          | Samsung VXT  |               |      |     |      |      |
|        |          | CMS          |               |      |     |      |      |
| N008   | dropdown | HOME |       | https://www.… |   34 |  48 |   48 |  439 |
|        |          | Samsung VXT  |               |      |     |      |      |
|        |          | CMS — New    |               |      |     |      |      |
| N009   | dropdown | HOME |       | https://www.… |   33 |  47 |   47 |  438 |
|        |          | Samsung VXT  |               |      |     |      |      |
|        |          | CMS — New    |               |      |     |      |      |
| N010   | dropdown | HOME |       | https://www.… |   36 |  50 |   50 |  441 |
|        |          | Samsung VXT  |               |      |     |      |      |
|        |          | CMS — New    |               |      |     |      |      |
| N011   | page     | Settings |   | https://www.… |   32 |  37 |   37 |  537 |
|        |          | Samsung VXT  |               |      |     |      |      |
|        |          | CMS          |               |      |     |      |      |
| N012   | page     | HOME |       | https://www.… |   33 |  47 |   47 |  466 |
|        |          | Samsung VXT  |               |      |     |      |      |
|        |          | CMS — Plan   |               |      |     |      |      |
|        |          | Noti         |               |      |     |      |      |
| N013   | page     | Settings |   | https://www.… |   38 |  46 |   46 |  538 |
|        |          | Samsung VXT  |               |      |     |      |      |
|        |          | CMS          |               |      |     |      |      |
| N014   | page     | Samsung VXT  | https://www.… |   26 |  30 |   30 |  539 |
|        |          | CMS          |               |      |     |      |      |
| N015   | dropdown | HOME |       | https://www.… |   44 |  59 |   59 | 1200 |
|        |          | Samsung VXT  |               |      |     |      |      |
|        |          | CMS —        |               |      |     |      |      |
|        |          | Notificat    |               |      |     |      |      |
| N016   | dropdown | HOME |       | https://www.… |   34 |  48 |   48 |  492 |
|        |          | Samsung VXT  |               |      |     |      |      |
|        |          | CMS —        |               |      |     |      |      |
|        |          | souresh A    |               |      |     |      |      |
| N017   | page     | HOME |       | https://www.… |   32 |  45 |   45 |  459 |
|        |          | Samsung VXT  |               |      |     |      |      |
|        |          | CMS —        |               |      |     |      |      |
|        |          | chatbot      |               |      |     |      |      |
| N018   | page     | Terms and    | https://www.… |    0 |  12 |   12 |  166 |
|        |          | Conditions | |               |      |     |      |      |
|        |          | Samsung VXT  |               |      |     |      |      |
| N019   | page     | Privacy      | https://www.… |    1 |  13 |   13 |  176 |
|        |          | Policy |     |               |      |     |      |      |
|        |          | Samsung VXT  |               |      |     |      |      |
|        |          | CMS          |               |      |     |      |      |
| N020   | page     | Cookie       | https://www.… |    0 |  12 |   12 |  166 |
|        |          | Policy |     |               |      |     |      |      |
|        |          | Samsung VXT  |               |      |     |      |      |
|        |          | CMS          |               |      |     |      |      |
| N021   | page     | Samsung VXT  | https://www.… |    0 |  12 |   12 |  173 |
|        |          | CMS          |               |      |     |      |      |
| N022   | dropdown | Screen |     | https://www.… |    6 |  55 |   55 |  484 |
|        |          | Samsung VXT  |               |      |     |      |      |
|        |          | CMS — Add    |               |      |     |      |      |
|        |          | Scr          |               |      |     |      |      |
| N023   | page     | Screen |     | https://www.… |    7 |  55 |   55 |  469 |
|        |          | Samsung VXT  |               |      |     |      |      |
|        |          | CMS — CHITNU |               |      |     |      |      |
| N024   | page     | Screen |     | https://www.… |    2 |  51 |   51 |  458 |
|        |          | Samsung VXT  |               |      |     |      |      |
|        |          | CMS — Screen |               |      |     |      |      |
| N025   | page     | Content |    | https://www.… |   19 |  68 |   68 |  623 |
|        |          | Samsung VXT  |               |      |     |      |      |
|        |          | CMS          |               |      |     |      |      |
| N026   | page     | Playlist |   | https://www.… |   20 |  68 |   68 |  633 |
|        |          | Samsung VXT  |               |      |     |      |      |
|        |          | CMS          |               |      |     |      |      |
| N027   | page     | Schedule |   | https://www.… |   14 |  62 |   62 |  631 |
|        |          | Samsung VXT  |               |      |     |      |      |
|        |          | CMS          |               |      |     |      |      |
| N028   | page     | Channel |    | https://www.… |   13 |  63 |   63 |  635 |
|        |          | Samsung VXT  |               |      |     |      |      |
|        |          | CMS          |               |      |     |      |      |
| N029   | page     | Screen |     | https://www.… |    5 |  43 |   43 |  518 |
|        |          | Samsung VXT  |               |      |     |      |      |
|        |          | CMS — div    |               |      |     |      |      |
| N030   | page     | Samsung VXT  | https://www.… |  138 | 167 |  167 | 1159 |
|        |          | CMS          |               |      |     |      |      |
| N031   | page     | Content |    | https://www.… |   17 |  67 |   67 |  585 |
|        |          | Samsung VXT  |               |      |     |      |      |
|        |          | CMS          |               |      |     |      |      |
| N032   | dropdown | Content |    | https://www.… |   83 | 133 |  133 |  724 |
|        |          | Samsung VXT  |               |      |     |      |      |
|        |          | CMS — or     |               |      |     |      |      |
| N033   | page     | Content |    | https://www.… |   22 |  72 |   72 |  583 |
|        |          | Samsung VXT  |               |      |     |      |      |
|        |          | CMS — 2 cont |               |      |     |      |      |
| N034   | dropdown | Content |    | https://www.… |   24 |  74 |   74 |  617 |
|        |          | Samsung VXT  |               |      |     |      |      |
|        |          | CMS — Add Co |               |      |     |      |      |
| N035   | page     | Content |    | https://www.… |   25 |  75 |   75 |  687 |
|        |          | Samsung VXT  |               |      |     |      |      |
|        |          | CMS — div    |               |      |     |      |      |
| N036   | dropdown | Content |    | https://www.… |   19 |  69 |   69 |  589 |
|        |          | Samsung VXT  |               |      |     |      |      |
|        |          | CMS — more   |               |      |     |      |      |
| N037   | page     | Content |    | https://www.… |   15 |  42 |   42 |  452 |
|        |          | Samsung VXT  |               |      |     |      |      |
|        |          | CMS          |               |      |     |      |      |
| N038   | page     | Content |    | https://www.… |   24 |  75 |   75 |  614 |
|        |          | Samsung VXT  |               |      |     |      |      |
|        |          | CMS — Canvas |               |      |     |      |      |
| N039   | dropdown | Content |    | https://www.… |   84 | 133 |  133 |  734 |
|        |          | Samsung VXT  |               |      |     |      |      |
|        |          | CMS — Search |               |      |     |      |      |
| N040   | page     | Playlist |   | https://www.… |   17 |  67 |   67 |  559 |
|        |          | Samsung VXT  |               |      |     |      |      |
|        |          | CMS          |               |      |     |      |      |
| N041   | dropdown | Playlist |   | https://www.… |   65 | 115 |  115 |  671 |
|        |          | Samsung VXT  |               |      |     |      |      |
|        |          | CMS — Searc  |               |      |     |      |      |
| N042   | page     | Playlist |   | https://www.… |   21 |  71 |   71 |  556 |
|        |          | Samsung VXT  |               |      |     |      |      |
|        |          | CMS — 1 pla  |               |      |     |      |      |
| N043   | dropdown | Playlist |   | https://www.… |   20 |  72 |   72 |  566 |
|        |          | Samsung VXT  |               |      |     |      |      |
|        |          | CMS — New P  |               |      |     |      |      |
| N044   | page     | Playlist |   | https://www.… |   25 |  75 |   75 |  654 |
|        |          | Samsung VXT  |               |      |     |      |      |
|        |          | CMS — div    |               |      |     |      |      |
| N045   | dropdown | Playlist |   | https://www.… |   19 |  69 |   69 |  563 |
|        |          | Samsung VXT  |               |      |     |      |      |
|        |          | CMS — more   |               |      |     |      |      |
| N046   | page     | Playlist |   | https://www.… |   18 |  46 |   46 |  545 |
|        |          | Samsung VXT  |               |      |     |      |      |
|        |          | CMS          |               |      |     |      |      |
| N047   | page     | Playlist |   | https://www.… |   24 |  75 |   75 |  592 |
|        |          | Samsung VXT  |               |      |     |      |      |
|        |          | CMS — Gener  |               |      |     |      |      |
| N048   | page     | Schedule |   | https://www.… |   13 |  61 |   61 |  519 |
|        |          | Samsung VXT  |               |      |     |      |      |
|        |          | CMS          |               |      |     |      |      |
| N049   | dropdown | Schedule |   | https://www.… |   26 | 107 |  107 |  628 |
|        |          | Samsung VXT  |               |      |     |      |      |
|        |          | CMS — Searc  |               |      |     |      |      |
| N050   | page     | Schedule |   | https://www.… |   17 |  65 |   65 |  517 |
|        |          | Samsung VXT  |               |      |     |      |      |
|        |          | CMS — 1 sch  |               |      |     |      |      |
| N051   | dropdown | Schedule |   | https://www.… |   15 |  64 |   64 |  523 |
|        |          | Samsung VXT  |               |      |     |      |      |
|        |          | CMS — New S  |               |      |     |      |      |
| N052   | page     | Schedule |   | https://www.… |   17 |  69 |   69 |  614 |
|        |          | Samsung VXT  |               |      |     |      |      |
|        |          | CMS — div    |               |      |     |      |      |
| N053   | dropdown | Schedule |   | https://www.… |   14 |  63 |   63 |  523 |
|        |          | Samsung VXT  |               |      |     |      |      |
|        |          | CMS — more   |               |      |     |      |      |
| N054   | page     | Schedule |   | https://www.… |   16 |  46 |   46 |  680 |
|        |          | Samsung VXT  |               |      |     |      |      |
|        |          | CMS          |               |      |     |      |      |
| N055   | page     | Schedule |   | https://www.… |   16 |  69 |   69 |  559 |
|        |          | Samsung VXT  |               |      |     |      |      |
|        |          | CMS — Gener  |               |      |     |      |      |
| N056   | page     | HOME |       | https://www.… |   33 |  48 |   48 |  454 |
|        |          | Samsung VXT  |               |      |     |      |      |
|        |          | CMS — New —  |               |      |     |      |      |
|        |          | Add          |               |      |     |      |      |
| N057   | page     | Playlist |   | https://www.… |   10 |  42 |   42 |  531 |
|        |          | Samsung VXT  |               |      |     |      |      |
|        |          | CMS          |               |      |     |      |      |
| N058   | page     | Screen |     | https://www.… |    3 |  51 |   51 |  459 |
|        |          | Samsung VXT  |               |      |     |      |      |
|        |          | CMS          |               |      |     |      |      |
| N059   | page     | Content |    | https://www.… |   18 |  67 |   67 |  585 |
|        |          | Samsung VXT  |               |      |     |      |      |
|        |          | CMS          |               |      |     |      |      |
| N060   | page     | Settings |   | https://www.… |   27 |  32 |   32 |  509 |
|        |          | Samsung VXT  |               |      |     |      |      |
|        |          | CMS          |               |      |     |      |      |
| N061   | dropdown | Settings |   | https://www.… |   33 |  39 |   39 |  647 |
|        |          | Samsung VXT  |               |      |     |      |      |
|        |          | CMS — More   |               |      |     |      |      |
| N062   | page     | Settings |   | https://www.… |   19 |  42 |   42 |  442 |
|        |          | Samsung VXT  |               |      |     |      |      |
|        |          | CMS          |               |      |     |      |      |
| N063   | page     | Settings |   | https://www.… |    9 |  31 |   31 |  392 |
|        |          | Samsung VXT  |               |      |     |      |      |
|        |          | CMS          |               |      |     |      |      |
| N064   | page     | Settings |   | https://www.… |   14 |  36 |   36 |  413 |
|        |          | Samsung VXT  |               |      |     |      |      |
|        |          | CMS          |               |      |     |      |      |
| N065   | page     | Settings |   | https://www.… |   25 |  47 |   47 |  463 |
|        |          | Samsung VXT  |               |      |     |      |      |
|        |          | CMS          |               |      |     |      |      |
| N066   | page     | Settings |   | https://www.… |    5 |  28 |   28 |  421 |
|        |          | Samsung VXT  |               |      |     |      |      |
|        |          | CMS          |               |      |     |      |      |
| N067   | page     | Settings |   | https://www.… |    3 |  25 |   25 |  395 |
|        |          | Samsung VXT  |               |      |     |      |      |
|        |          | CMS          |               |      |     |      |      |
| N068   | page     | Settings |   | https://www.… |    4 |  26 |   26 |  401 |
|        |          | Samsung VXT  |               |      |     |      |      |
|        |          | CMS          |               |      |     |      |      |
| N069   | page     | Settings |   | https://www.… |    1 |  23 |   23 |  401 |
|        |          | Samsung VXT  |               |      |     |      |      |
|        |          | CMS          |               |      |     |      |      |
| N070   | page     | Settings |   | https://www.… |    7 |  29 |   29 |  418 |
|        |          | Samsung VXT  |               |      |     |      |      |
|        |          | CMS          |               |      |     |      |      |
| N071   | page     | Settings |   | https://www.… |   20 |  43 |   43 |  505 |
|        |          | Samsung VXT  |               |      |     |      |      |
|        |          | CMS — Add W  |               |      |     |      |      |
| N072   | dropdown | Settings |   | https://www.… |   15 |  39 |   39 |  484 |
|        |          | Samsung VXT  |               |      |     |      |      |
|        |          | CMS — Finis  |               |      |     |      |      |
| N073   | page     | Settings |   | https://www.… |   47 |  54 |   54 |  505 |
|        |          | Samsung VXT  |               |      |     |      |      |
|        |          | CMS — Mobil  |               |      |     |      |      |
| N074   | dropdown | Settings |   | https://www.… |   91 | 128 |  128 |  604 |
|        |          | Samsung VXT  |               |      |     |      |      |
|        |          | CMS — Deact  |               |      |     |      |      |
| N075   | dropdown | Settings |   | https://www.… |   39 |  48 |   48 |  439 |
|        |          | Samsung VXT  |               |      |     |      |      |
|        |          | CMS — Reset  |               |      |     |      |      |
| N076   | page     | Samsung VXT  | https://www.… |    0 |   0 |    0 |   22 |
|        |          | CMS          |               |      |     |      |      |
| N077   | dropdown | Samsung VXT  | https://www.… |   27 |  33 |   33 |  441 |
|        |          | CMS —        |               |      |     |      |      |
|        |          | ShadowGen    |               |      |     |      |      |
| N078   | dropdown | Samsung VXT  | https://www.… |   43 |  49 |   49 | 1102 |
|        |          | CMS — Image  |               |      |     |      |      |
|        |          | Generator    |               |      |     |      |      |
| N079   | dropdown | Samsung VXT  | https://www.… |   36 |  42 |   42 |  572 |
|        |          | CMS — AI     |               |      |     |      |      |
|        |          | CorpPost     |               |      |     |      |      |
| N080   | dropdown | Samsung VXT  | https://www.… |   44 |  50 |   50 | 1100 |
|        |          | CMS —        |               |      |     |      |      |
|        |          | ShadowGenSa… |               |      |     |      |      |
| N081   | dropdown | Settings |   | https://www.… |   14 |  38 |   38 |  655 |
|        |          | Samsung VXT  |               |      |     |      |      |
|        |          | CMS — Regis  |               |      |     |      |      |
| N082   | page     | Screen |     | https://www.… |    6 |  54 |   54 |  483 |
|        |          | Samsung VXT  |               |      |     |      |      |
|        |          | CMS          |               |      |     |      |      |
| N083   | page     | Screen |     | https://www.… |    6 |  54 |   54 |  514 |
|        |          | Samsung VXT  |               |      |     |      |      |
|        |          | CMS —        |               |      |     |      |      |
|        |          | Samsung      |               |      |     |      |      |
| N084   | page     | Screen |     | https://www.… |    7 |  54 |   54 |  467 |
|        |          | Samsung VXT  |               |      |     |      |      |
|        |          | CMS          |               |      |     |      |      |
| N085   | page     | Screen |     | https://www.… |    2 |  50 |   50 |  451 |
|        |          | Samsung VXT  |               |      |     |      |      |
|        |          | CMS          |               |      |     |      |      |
| N086   | page     | Channel |    | https://www.… |   13 |  62 |   62 |  529 |
|        |          | Samsung VXT  |               |      |     |      |      |
|        |          | CMS          |               |      |     |      |      |
| N087   | dropdown | Channel |    | https://www.… |   23 | 108 |  108 |  638 |
|        |          | Samsung VXT  |               |      |     |      |      |
|        |          | CMS — Search |               |      |     |      |      |
| N088   | page     | Channel |    | https://www.… |   17 |  66 |   66 |  527 |
|        |          | Samsung VXT  |               |      |     |      |      |
|        |          | CMS — 1 chan |               |      |     |      |      |
| N089   | dropdown | Channel |    | https://www.… |   15 |  65 |   65 |  534 |
|        |          | Samsung VXT  |               |      |     |      |      |
|        |          | CMS — New Ch |               |      |     |      |      |
| N090   | page     | Channel |    | https://www.… |   17 |  70 |   70 |  624 |
|        |          | Samsung VXT  |               |      |     |      |      |
|        |          | CMS — div    |               |      |     |      |      |
| N091   | dropdown | Channel |    | https://www.… |   14 |  64 |   64 |  533 |
|        |          | Samsung VXT  |               |      |     |      |      |
|        |          | CMS — more   |               |      |     |      |      |
| N092   | page     | Channel |    | https://www.… |   11 |  45 |   45 |  560 |
|        |          | Samsung VXT  |               |      |     |      |      |
|        |          | CMS          |               |      |     |      |      |
| N093   | page     | Channel |    | https://www.… |   13 |  70 |   70 |  563 |
|        |          | Samsung VXT  |               |      |     |      |      |
|        |          | CMS — Genera |               |      |     |      |      |
| N094   | dropdown | Samsung VXT  | https://www.… |  156 | 186 |  186 | 1774 |
|        |          | CMS — AI     |               |      |     |      |      |
|        |          | StudioAI     |               |      |     |      |      |
|        |          | Stud         |               |      |     |      |      |
| N095   | page     | Content |    | https://www.… |   18 |  73 |   73 |  605 |
|        |          | Samsung VXT  |               |      |     |      |      |
|        |          | CMS — or — C |               |      |     |      |      |
| N096   | page     | Content |    | https://www.… |   18 |  70 |   70 |  608 |
|        |          | Samsung VXT  |               |      |     |      |      |
|        |          | CMS — more — |               |      |     |      |      |
| N097   | page     | Content |    | https://www.… |   15 |  52 |   52 |  527 |
|        |          | Samsung VXT  |               |      |     |      |      |
|        |          | CMS — Set to |               |      |     |      |      |
| N098   | page     | Content |    | https://www.… |   14 |  46 |   46 |  452 |
|        |          | Samsung VXT  |               |      |     |      |      |
|        |          | CMS — more   |               |      |     |      |      |
| N099   | page     | Content |    | https://www.… |   51 | 139 |  139 |  743 |
|        |          | Samsung VXT  |               |      |     |      |      |
|        |          | CMS — Canvas |               |      |     |      |      |
| N100   | page     | Content |    | https://www.… |   19 |  73 |   73 |  605 |
|        |          | Samsung VXT  |               |      |     |      |      |
|        |          | CMS — Search |               |      |     |      |      |
| N101   | page     | Playlist |   | https://www.… |   15 |  73 |   73 |  579 |
|        |          | Samsung VXT  |               |      |     |      |      |
|        |          | CMS — Searc  |               |      |     |      |      |
| N102   | page     | Playlist |   | https://www.… |   18 |  70 |   70 |  582 |
|        |          | Samsung VXT  |               |      |     |      |      |
|        |          | CMS — more   |               |      |     |      |      |
| N103   | dropdown | Playlist |   | https://www.… |   15 |  49 |   49 |  515 |
|        |          | Samsung VXT  |               |      |     |      |      |
|        |          | CMS — more   |               |      |     |      |      |
| N104   | page     | Playlist |   | https://www.… |   27 | 121 |  121 |  690 |
|        |          | Samsung VXT  |               |      |     |      |      |
|        |          | CMS — Gener  |               |      |     |      |      |
| N105   | page     | Schedule |   | https://www.… |   11 |  67 |   67 |  539 |
|        |          | Samsung VXT  |               |      |     |      |      |
|        |          | CMS — Searc  |               |      |     |      |      |
| N106   | page     | Schedule |   | https://www.… |   13 |  42 |   42 |  628 |
|        |          | Samsung VXT  |               |      |     |      |      |
|        |          | CMS          |               |      |     |      |      |
| N107   | page     | Schedule |   | https://www.… |   14 |  64 |   64 |  542 |
|        |          | Samsung VXT  |               |      |     |      |      |
|        |          | CMS — more   |               |      |     |      |      |
| N108   | dropdown | Schedule |   | https://www.… |   23 |  53 |   53 |  788 |
|        |          | Samsung VXT  |               |      |     |      |      |
|        |          | CMS — Add C  |               |      |     |      |      |
| N109   | dropdown | Schedule |   | https://www.… |   19 |  49 |   49 |  689 |
|        |          | Samsung VXT  |               |      |     |      |      |
|        |          | CMS — more   |               |      |     |      |      |
| N110   | page     | Schedule |   | https://www.… |   86 | 116 |  116 |  728 |
|        |          | Samsung VXT  |               |      |     |      |      |
|        |          | CMS — Augus  |               |      |     |      |      |
| N111   | page     | Schedule |   | https://www.… |   17 |  47 |   47 |  690 |
|        |          | Samsung VXT  |               |      |     |      |      |
|        |          | CMS — div    |               |      |     |      |      |
| N112   | page     | Schedule |   | https://www.… |   19 |  49 |   49 |  404 |
|        |          | Samsung VXT  |               |      |     |      |      |
|        |          | CMS — listi  |               |      |     |      |      |
| N113   | page     | HOME |       | https://www.… |    3 |  46 |   46 |  671 |
|        |          | Samsung VXT  |               |      |     |      |      |
|        |          | CMS          |               |      |     |      |      |
| N114   | page     | Schedule |   | https://www.… |    4 |  46 |   46 |  758 |
|        |          | Samsung VXT  |               |      |     |      |      |
|        |          | CMS — Renam  |               |      |     |      |      |
| N115   | page     | HOME |       | https://www.… |   33 |  48 |   48 |  451 |
|        |          | Samsung VXT  |               |      |     |      |      |
|        |          | CMS — New —  |               |      |     |      |      |
|        |          | Add          |               |      |     |      |      |
| N116   | dropdown | Playlist |   | https://www.… |   27 |  68 |   68 |  577 |
|        |          | Samsung VXT  |               |      |     |      |      |
|        |          | CMS — Add C  |               |      |     |      |      |
| N117   | page     | Playlist |   | https://www.… |   11 |  45 |   45 |  512 |
|        |          | Samsung VXT  |               |      |     |      |      |
|        |          | CMS — div    |               |      |     |      |      |
| N118   | page     | Settings |   | https://www.… |    2 |  24 |   24 |  290 |
|        |          | Samsung VXT  |               |      |     |      |      |
|        |          | CMS          |               |      |     |      |      |
| N119   | dropdown | Settings |   | https://www.… |    7 |  30 |   30 |  349 |
|        |          | Samsung VXT  |               |      |     |      |      |
|        |          | CMS — Tech   |               |      |     |      |      |
| N120   | page     | Settings |   | https://www.… |   11 |  35 |   35 |  449 |
|        |          | Samsung VXT  |               |      |     |      |      |
|        |          | CMS          |               |      |     |      |      |
| N121   | page     | Settings |   | https://www.… |   25 |  49 |   49 |  892 |
|        |          | Samsung VXT  |               |      |     |      |      |
|        |          | CMS — Custo  |               |      |     |      |      |
| N122   | page     | Settings |   | https://www.… |   34 |  58 |   58 |  449 |
|        |          | Samsung VXT  |               |      |     |      |      |
|        |          | CMS — Prese  |               |      |     |      |      |
| N123   | page     | Settings |   | https://www.… |   19 |  42 |   42 |  462 |
|        |          | Samsung VXT  |               |      |     |      |      |
|        |          | CMS — Tag    |               |      |     |      |      |
| N124   | page     | Settings |   | https://www.… |   20 |  46 |   46 |  601 |
|        |          | Samsung VXT  |               |      |     |      |      |
|        |          | CMS — Sched  |               |      |     |      |      |
| N125   | dropdown | Settings |   | https://www.… |   23 |  48 |   48 |  461 |
|        |          | Samsung VXT  |               |      |     |      |      |
|        |          | CMS — Add    |               |      |     |      |      |
| N126   | page     | Settings |   | https://www.… |   14 |  37 |   37 |  352 |
|        |          | Samsung VXT  |               |      |     |      |      |
|        |          | CMS          |               |      |     |      |      |
| N127   | page     | Settings |   | https://www.… |   24 |  52 |   52 |  447 |
|        |          | Samsung VXT  |               |      |     |      |      |
|        |          | CMS          |               |      |     |      |      |
| N128   | page     | Settings |   | https://www.… |    8 |  30 |   30 |  366 |
|        |          | Samsung VXT  |               |      |     |      |      |
|        |          | CMS — Owner  |               |      |     |      |      |
| N129   | page     | Settings |   | https://www.… |   11 |  34 |   34 |  343 |
|        |          | Samsung VXT  |               |      |     |      |      |
|        |          | CMS — Pendi  |               |      |     |      |      |
| N130   | page     | Settings |   | https://www.… |   10 |  32 |   32 |  312 |
|        |          | Samsung VXT  |               |      |     |      |      |
|        |          | CMS — Addit  |               |      |     |      |      |
| N131   | page     | Settings |   | https://www.… |   24 |  48 |   48 |  740 |
|        |          | Samsung VXT  |               |      |     |      |      |
|        |          | CMS          |               |      |     |      |      |
| N132   | page     | Settings |   | https://www.… |   18 |  42 |   42 |  466 |
|        |          | Samsung VXT  |               |      |     |      |      |
|        |          | CMS          |               |      |     |      |      |
| N133   | page     | Settings |   | https://www.… |    4 |  26 |   26 |  315 |
|        |          | Samsung VXT  |               |      |     |      |      |
|        |          | CMS — Certi  |               |      |     |      |      |
| N134   | page     | Settings |   | https://www.… |    4 |  26 |   26 |  315 |
|        |          | Samsung VXT  |               |      |     |      |      |
|        |          | CMS — Scree  |               |      |     |      |      |
| N135   | dropdown | Settings |   | https://www.… |   20 |  44 |   44 |  381 |
|        |          | Samsung VXT  |               |      |     |      |      |
|        |          | CMS — New P  |               |      |     |      |      |
| N136   | page     | Settings |   | https://www.… |    5 |  31 |   31 |  421 |
|        |          | Samsung VXT  |               |      |     |      |      |
|        |          | CMS          |               |      |     |      |      |
| N137   | page     | Settings |   | https://www.… |   13 |  35 |   35 |  665 |
|        |          | Samsung VXT  |               |      |     |      |      |
|        |          | CMS          |               |      |     |      |      |
| N138   | page     | Channel |    | https://www.… |   11 |  68 |   68 |  549 |
|        |          | Samsung VXT  |               |      |     |      |      |
|        |          | CMS — Search |               |      |     |      |      |
| N139   | page     | Channel |    | https://www.… |    5 |  41 |   41 |  402 |
|        |          | Samsung VXT  |               |      |     |      |      |
|        |          | CMS          |               |      |     |      |      |
| N140   | page     | Channel |    | https://www.… |   14 |  65 |   65 |  552 |
|        |          | Samsung VXT  |               |      |     |      |      |
|        |          | CMS — more — |               |      |     |      |      |
| N141   | dropdown | Channel |    | https://www.… |   12 |  48 |   48 |  528 |
|        |          | Samsung VXT  |               |      |     |      |      |
|        |          | CMS — more   |               |      |     |      |      |
| N142   | dropdown | Channel |    | https://www.… |   15 |  56 |   56 |  639 |
|        |          | Samsung VXT  |               |      |     |      |      |
|        |          | CMS — Set to |               |      |     |      |      |
| N143   | dropdown | Channel |    | https://www.… |   22 |  67 |   67 |  681 |
|        |          | Samsung VXT  |               |      |     |      |      |
|        |          | CMS — Add Ch |               |      |     |      |      |
| N144   | page     | Channel |    | https://www.… |   10 |  48 |   48 |  580 |
|        |          | Samsung VXT  |               |      |     |      |      |
|        |          | CMS — span   |               |      |     |      |      |
| N145   | page     | Channel |    | https://www.… |   10 |  42 |   42 |  524 |
|        |          | Samsung VXT  |               |      |     |      |      |
|        |          | CMS — span   |               |      |     |      |      |
| N146   | dropdown | Content |    | https://www.… |   52 | 139 |  139 |  743 |
|        |          | Samsung VXT  |               |      |     |      |      |
|        |          | CMS — Search |               |      |     |      |      |
| N147   | page     | Content |    | https://www.… |   18 |  70 |   70 |  608 |
|        |          | Samsung VXT  |               |      |     |      |      |
|        |          | CMS          |               |      |     |      |      |
| N148   | dropdown | Content |    | https://www.… |   70 | 139 |  139 |  724 |
|        |          | Samsung VXT  |               |      |     |      |      |
|        |          | CMS — Set to |               |      |     |      |      |
| N149   | page     | Content |    | https://www.… |   13 |  47 |   47 |  417 |
|        |          | Samsung VXT  |               |      |     |      |      |
|        |          | CMS          |               |      |     |      |      |
| N150   | page     | Content |    | https://www.… |   10 |  48 |   48 |  476 |
|        |          | Samsung VXT  |               |      |     |      |      |
|        |          | CMS — Conten |               |      |     |      |      |
| N151   | page     | Playlist |   | https://www.… |   14 |  53 |   53 |  569 |
|        |          | Samsung VXT  |               |      |     |      |      |
|        |          | CMS — more   |               |      |     |      |      |
| N152   | page     | Playlist |   | https://www.… |   12 |  64 |   64 |  545 |
|        |          | Samsung VXT  |               |      |     |      |      |
|        |          | CMS — Gener  |               |      |     |      |      |
| N153   | page     | Schedule |   | https://www.… |    5 |  53 |   53 |  699 |
|        |          | Samsung VXT  |               |      |     |      |      |
|        |          | CMS — more   |               |      |     |      |      |
| N154   | page     | Schedule |   | https://www.… |   18 |  66 |   66 |  589 |
|        |          | Samsung VXT  |               |      |     |      |      |
|        |          | CMS — listi  |               |      |     |      |      |
| N155   | page     | Schedule |   | https://www.… |   21 |  69 |   69 |  597 |
|        |          | Samsung VXT  |               |      |     |      |      |
|        |          | CMS — listi  |               |      |     |      |      |
| N156   | dropdown | Settings |   | https://www.… |   10 |  41 |   41 |  469 |
|        |          | Samsung VXT  |               |      |     |      |      |
|        |          | CMS — Regis  |               |      |     |      |      |
| N157   | page     | Settings |   | https://www.… |   23 |  51 |   51 |  434 |
|        |          | Samsung VXT  |               |      |     |      |      |
|        |          | CMS — Renam  |               |      |     |      |      |
| N158   | page     | Settings |   | https://www.… |   16 |  41 |   41 |  379 |
|        |          | Samsung VXT  |               |      |     |      |      |
|        |          | CMS — User   |               |      |     |      |      |
| N159   | page     | Settings |   | https://www.… |   24 |  48 |   48 |  818 |
|        |          | Samsung VXT  |               |      |     |      |      |
|        |          | CMS — Custo  |               |      |     |      |      |
| N160   | page     | Settings |   | https://www.… |   34 |  58 |   58 |  463 |
|        |          | Samsung VXT  |               |      |     |      |      |
|        |          | CMS — Prese  |               |      |     |      |      |
| N161   | page     | Settings |   | https://www.… |   19 |  47 |   47 |  624 |
|        |          | Samsung VXT  |               |      |     |      |      |
|        |          | CMS — Sched  |               |      |     |      |      |
| N162   | page     | Settings |   | https://www.… |   28 |  56 |   56 |  435 |
|        |          | Samsung VXT  |               |      |     |      |      |
|        |          | CMS — More   |               |      |     |      |      |
| N163   | page     | Settings |   | https://www.… |   25 |  54 |   54 |  469 |
|        |          | Samsung VXT  |               |      |     |      |      |
|        |          | CMS — div    |               |      |     |      |      |
| N164   | dropdown | Settings |   | https://www.… |   34 |  57 |   57 |  426 |
|        |          | Samsung VXT  |               |      |     |      |      |
|        |          | CMS — Owner  |               |      |     |      |      |
| N165   | dropdown | Settings |   | https://www.… |   16 |  42 |   42 |  405 |
|        |          | Samsung VXT  |               |      |     |      |      |
|        |          | CMS — Pendi  |               |      |     |      |      |
| N166   | dropdown | Settings |   | https://www.… |   13 |  39 |   39 |  343 |
|        |          | Samsung VXT  |               |      |     |      |      |
|        |          | CMS — Addit  |               |      |     |      |      |
| N167   | page     | Settings |   | https://www.… |   22 |  47 |   47 |  719 |
|        |          | Samsung VXT  |               |      |     |      |      |
|        |          | CMS — Renam  |               |      |     |      |      |
| N168   | page     | Settings |   | https://www.… |   23 |  48 |   48 |  715 |
|        |          | Samsung VXT  |               |      |     |      |      |
|        |          | CMS — check  |               |      |     |      |      |
| N169   | dropdown | Settings |   | https://www.… |   27 |  55 |   55 |  767 |
|        |          | Samsung VXT  |               |      |     |      |      |
|        |          | CMS — Add W  |               |      |     |      |      |
| N170   | page     | Settings |   | https://www.… |   33 |  58 |   58 |  779 |
|        |          | Samsung VXT  |               |      |     |      |      |
|        |          | CMS — Chang  |               |      |     |      |      |
| N171   | page     | Settings |   | https://www.… |   24 |  49 |   49 |  721 |
|        |          | Samsung VXT  |               |      |     |      |      |
|        |          | CMS — Other  |               |      |     |      |      |
| N172   | dropdown | Settings |   | https://www.… |   24 |  49 |   49 |  724 |
|        |          | Samsung VXT  |               |      |     |      |      |
|        |          | CMS — div    |               |      |     |      |      |
| N173   | page     | Settings |   | https://www.… |   18 |  43 |   43 |  455 |
|        |          | Samsung VXT  |               |      |     |      |      |
|        |          | CMS — ASCII  |               |      |     |      |      |
| N174   | page     | Settings |   | https://www.… |   17 |  42 |   42 |  436 |
|        |          | Samsung VXT  |               |      |     |      |      |
|        |          | CMS — Weath  |               |      |     |      |      |
| N175   | page     | Settings |   | https://www.… |   12 |  37 |   37 |  377 |
|        |          | Samsung VXT  |               |      |     |      |      |
|        |          | CMS — Crowd  |               |      |     |      |      |
| N176   | page     | Settings |   | https://www.… |   12 |  38 |   38 |  372 |
|        |          | Samsung VXT  |               |      |     |      |      |
|        |          | CMS — Netwo  |               |      |     |      |      |
| N177   | page     | Settings |   | https://www.… |   21 |  49 |   49 |  495 |
|        |          | Samsung VXT  |               |      |     |      |      |
|        |          | CMS — Add    |               |      |     |      |      |
| N178   | dropdown | Settings |   | https://www.… |   19 |  44 |   44 |  375 |
|        |          | Samsung VXT  |               |      |     |      |      |
|        |          | CMS — Certi  |               |      |     |      |      |
| N179   | dropdown | Settings |   | https://www.… |   15 |  40 |   40 |  375 |
|        |          | Samsung VXT  |               |      |     |      |      |
|        |          | CMS — Scree  |               |      |     |      |      |
| N180   | page     | Settings |   | https://www.… |   79 | 107 |  107 | 1162 |
|        |          | Samsung VXT  |               |      |     |      |      |
|        |          | CMS — New P  |               |      |     |      |      |
| N181   | page     | Settings |   | https://www.… |    7 |  43 |   43 |  520 |
|        |          | Samsung VXT  |               |      |     |      |      |
|        |          | CMS — Add c  |               |      |     |      |      |
| N182   | page     | Settings |   | https://www.… |    9 |  39 |   39 |  457 |
|        |          | Samsung VXT  |               |      |     |      |      |
|        |          | CMS — Add W  |               |      |     |      |      |
| N183   | page     | Channel |    | https://www.… |   18 |  64 |   64 |  735 |
|        |          | Samsung VXT  |               |      |     |      |      |
|        |          | CMS — Set to |               |      |     |      |      |
| N184   | dropdown | Channel |    | https://www.… |   16 |  50 |   50 |  604 |
|        |          | Samsung VXT  |               |      |     |      |      |
|        |          | CMS — span — |               |      |     |      |      |
| N185   | page     | Content |    | https://www.… |   22 |  63 |   63 |  561 |
|        |          | Samsung VXT  |               |      |     |      |      |
|        |          | CMS — Set to |               |      |     |      |      |
| N186   | dropdown | Settings |   | https://www.… |   26 |  52 |   52 |  819 |
|        |          | Samsung VXT  |               |      |     |      |      |
|        |          | CMS — Custo  |               |      |     |      |      |
| N187   | dropdown | Settings |   | https://www.… |   40 |  66 |   66 |  503 |
|        |          | Samsung VXT  |               |      |     |      |      |
|        |          | CMS — Prese  |               |      |     |      |      |
| N188   | dropdown | Settings |   | https://www.… |   40 |  66 |   66 |  503 |
|        |          | Samsung VXT  |               |      |     |      |      |
|        |          | CMS — Prese  |               |      |     |      |      |
| N189   | dropdown | Settings |   | https://www.… |   40 |  66 |   66 |  503 |
|        |          | Samsung VXT  |               |      |     |      |      |
|        |          | CMS — Prese  |               |      |     |      |      |
| N190   | page     | Settings |   | https://www.… |   17 |  41 |   41 |  397 |
|        |          | Samsung VXT  |               |      |     |      |      |
|        |          | CMS — Owner  |               |      |     |      |      |
| N191   | page     | Settings |   | https://www.… |    3 |  27 |   27 |  324 |
|        |          | Samsung VXT  |               |      |     |      |      |
|        |          | CMS          |               |      |     |      |      |
| N192   | page     | Settings |   | https://www.… |    4 |  28 |   28 |  341 |
|        |          | Samsung VXT  |               |      |     |      |      |
|        |          | CMS          |               |      |     |      |      |
| N193   | page     | Settings |   | https://www.… |   79 | 108 |  108 | 1141 |
|        |          | Samsung VXT  |               |      |     |      |      |
|        |          | CMS          |               |      |     |      |      |
| N194   | dropdown | Settings |   | https://www.… |   82 | 114 |  114 | 1181 |
|        |          | Samsung VXT  |               |      |     |      |      |
|        |          | CMS — Add W  |               |      |     |      |      |
| N195   | page     | Settings |   | https://www.… |    8 |  38 |   38 |  442 |
|        |          | Samsung VXT  |               |      |     |      |      |
|        |          | CMS          |               |      |     |      |      |
| N196   | page     | Settings |   | https://www.… |    7 |  34 |   34 |  410 |
|        |          | Samsung VXT  |               |      |     |      |      |
|        |          | CMS — Cance  |               |      |     |      |      |
| N197   | page     | Channel |    | https://www.… |   18 |  64 |   64 |  735 |
|        |          | Samsung VXT  |               |      |     |      |      |
|        |          | CMS          |               |      |     |      |      |
| N198   | page     | Channel |    | https://www.… |   19 | 143 |  143 |  848 |
|        |          | Samsung VXT  |               |      |     |      |      |
|        |          | CMS — Search |               |      |     |      |      |
| N199   | page     | Settings |   | https://www.… |    3 |  29 |   29 |  308 |
|        |          | Samsung VXT  |               |      |     |      |      |
|        |          | CMS          |               |      |     |      |      |
| N200   | page     | Settings |   | https://www.… |    3 |  28 |   28 |  315 |
|        |          | Samsung VXT  |               |      |     |      |      |
|        |          | CMS — New S  |               |      |     |      |      |
+-----------------------------------------------------------------------------+
Main = actionable in the content area (excludes the header/left menu) · Act = 
all actionable · Intr = extracted · DOM = nodes on the page.
200 states, 697 transitions, 11258 actionable elements (4454 outside the app 
frame). Open navgraph.mmd in VS Code or GitHub to view the map.
