Target: https://www.samsungvx.com/  depth=10
Mode: crawl + graph only (no test-case generation)
Output: samsungvx-200-states

INFO    qagen.crawler      state N001  https://www.samsungvx.com/  (28 elements, 0 forms)
INFO    qagen.crawler      state N012  https://www.samsungvx.com/terms  (9 elements, 0 forms)
INFO    qagen.crawler      state N015  https://www.samsungvx.com/privacy  (10 elements, 0 forms)
INFO    qagen.crawler      state N016  https://www.samsungvx.com/cookie  (9 elements, 0 forms)
INFO    qagen.crawler      state N017  https://www.samsungvx.com/euda  (9 elements, 0 forms)
INFO    qagen.crawler      state N008  https://www.samsungvx.com/screen  (23 elements, 0 forms)
INFO    qagen.crawler      state N009  https://www.samsungvx.com/content  (6 elements, 0 forms)
INFO    qagen.crawler      state N010  https://www.samsungvx.com/playlist  (23 elements, 0 forms)
INFO    qagen.crawler      state N011  https://www.samsungvx.com/schedule  (23 elements, 0 forms)
INFO    qagen.crawler      state N030  https://www.samsungvx.com/playlist/sync/create  (33 elements, 0 forms)
INFO    qagen.crawler      state N027  https://www.samsungvx.com/playlist/create  (32 elements, 0 forms)
INFO    qagen.crawler      state N029  https://www.samsungvx.com/schedule/create  (34 elements, 0 forms)
                    Run summary                    
 States discovered  32                             
 Graph              34 nodes / 80 edges            
 Elements           864 actionable / 864 extracted 
 Clicks made        80                             
 Elements skipped   71                             
 Mutations blocked  6                              
 Duration           984.8s                         

Wrote output to samsungvx-200-states
                                                                               
                               Discovered states                               
+-----------------------------------------------------------------------------+
| ID     | Type     | Title        | URL           | Main | Act | Intr |  DOM |
|--------+----------+--------------+---------------+------+-----+------+------|
| N001 * | page     | HOME |       | https://www.… |   19 |  28 |   28 |  425 |
|        |          | Samsung VXT  |               |      |     |      |      |
|        |          | CMS          |               |      |     |      |      |
| N002   | boundary | vxt.samsung… | vxt.samsung.… |    0 |   0 |    0 |    - |
| N003   | page     | HOME |       | https://www.… |   20 |  29 |   29 |  429 |
|        |          | Samsung VXT  |               |      |     |      |      |
|        |          | CMS —        |               |      |     |      |      |
|        |          | .st0{opac    |               |      |     |      |      |
| N004   | dropdown | HOME |       | https://www.… |   22 |  31 |   31 |  432 |
|        |          | Samsung VXT  |               |      |     |      |      |
|        |          | CMS — New    |               |      |     |      |      |
| N005   | page     | HOME |       | https://www.… |   21 |  30 |   30 |  519 |
|        |          | Samsung VXT  |               |      |     |      |      |
|        |          | CMS — New —  |               |      |     |      |      |
|        |          | spa          |               |      |     |      |      |
| N006   | page     | HOME |       | https://www.… |   20 |  29 |   29 |  453 |
|        |          | Samsung VXT  |               |      |     |      |      |
|        |          | CMS — New —  |               |      |     |      |      |
|        |          | Add          |               |      |     |      |      |
| N007   | dropdown | HOME |       | https://www.… |   21 |  30 |   30 |  436 |
|        |          | Samsung VXT  |               |      |     |      |      |
|        |          | CMS — New    |               |      |     |      |      |
| N008   | page     | Screen |     | https://www.… |   12 |  23 |   23 |  551 |
|        |          | Samsung VXT  |               |      |     |      |      |
|        |          | CMS          |               |      |     |      |      |
| N009   | page     | Content |    | https://www.… |    4 |   6 |    6 |  526 |
|        |          | Samsung VXT  |               |      |     |      |      |
|        |          | CMS          |               |      |     |      |      |
| N010   | page     | Playlist |   | https://www.… |   10 |  23 |   23 |  529 |
|        |          | Samsung VXT  |               |      |     |      |      |
|        |          | CMS          |               |      |     |      |      |
| N011   | page     | Schedule |   | https://www.… |    1 |  23 |   23 |  503 |
|        |          | Samsung VXT  |               |      |     |      |      |
|        |          | CMS          |               |      |     |      |      |
| N012   | page     | Terms and    | https://www.… |    0 |   9 |    9 |  166 |
|        |          | Conditions | |               |      |     |      |      |
|        |          | Samsung VXT  |               |      |     |      |      |
| N013   | dropdown | Terms and    | https://www.… |    9 |  19 |   19 | 1036 |
|        |          | Conditions | |               |      |     |      |      |
|        |          | Samsung VXT  |               |      |     |      |      |
| N014   | page     | Terms and    | https://www.… |    1 |   9 |    9 |  358 |
|        |          | Conditions | |               |      |     |      |      |
|        |          | Samsung VXT  |               |      |     |      |      |
| N015   | page     | Privacy      | https://www.… |    1 |  10 |   10 |  169 |
|        |          | Policy |     |               |      |     |      |      |
|        |          | Samsung VXT  |               |      |     |      |      |
|        |          | CMS          |               |      |     |      |      |
| N016   | page     | Cookie       | https://www.… |    0 |   9 |    9 |  166 |
|        |          | Policy |     |               |      |     |      |      |
|        |          | Samsung VXT  |               |      |     |      |      |
|        |          | CMS          |               |      |     |      |      |
| N017   | page     | Samsung VXT  | https://www.… |    0 |   9 |    9 |  166 |
|        |          | CMS          |               |      |     |      |      |
| N018   | dropdown | Screen |     | https://www.… |    1 |  24 |   24 |  484 |
|        |          | Samsung VXT  |               |      |     |      |      |
|        |          | CMS — Add    |               |      |     |      |      |
|        |          | Scr          |               |      |     |      |      |
| N019   | page     | Screen |     | https://www.… |    4 |  25 |   25 |  469 |
|        |          | Samsung VXT  |               |      |     |      |      |
|        |          | CMS — CHITNU |               |      |     |      |      |
| N020   | dropdown | Content |    | https://www.… |   10 |  13 |   13 |  472 |
|        |          | Samsung VXT  |               |      |     |      |      |
|        |          | CMS — Add Co |               |      |     |      |      |
| N021   | page     | Content |    | https://www.… |   24 |  27 |   27 | 1268 |
|        |          | Samsung VXT  |               |      |     |      |      |
|        |          | CMS — Add Co |               |      |     |      |      |
| N022   | page     | Content |    | https://www.… |   16 |  19 |   19 |  545 |
|        |          | Samsung VXT  |               |      |     |      |      |
|        |          | CMS — Add Co |               |      |     |      |      |
| N023   | page     | Content |    | https://www.… |   14 |  17 |   17 |  535 |
|        |          | Samsung VXT  |               |      |     |      |      |
|        |          | CMS — Add Co |               |      |     |      |      |
| N024   | dropdown | Playlist |   | https://www.… |    6 |  28 |   28 |  443 |
|        |          | Samsung VXT  |               |      |     |      |      |
|        |          | CMS — New P  |               |      |     |      |      |
| N025   | page     | Playlist |   | https://www.… |   15 |  37 |   37 |  511 |
|        |          | Samsung VXT  |               |      |     |      |      |
|        |          | CMS — New P  |               |      |     |      |      |
| N026   | page     | Playlist |   | https://www.… |   21 |  39 |   39 |  678 |
|        |          | Samsung VXT  |               |      |     |      |      |
|        |          | CMS          |               |      |     |      |      |
| N027   | page     | Playlist |   | https://www.… |   12 |  32 |   32 |  443 |
|        |          | Samsung VXT  |               |      |     |      |      |
|        |          | CMS          |               |      |     |      |      |
| N028   | dropdown | Schedule |   | https://www.… |    4 |  26 |   26 |  410 |
|        |          | Samsung VXT  |               |      |     |      |      |
|        |          | CMS — New S  |               |      |     |      |      |
| N029   | page     | Schedule |   | https://www.… |   12 |  34 |   34 |  667 |
|        |          | Samsung VXT  |               |      |     |      |      |
|        |          | CMS          |               |      |     |      |      |
| N030   | page     | Playlist |   | https://www.… |   10 |  33 |   33 |  471 |
|        |          | Samsung VXT  |               |      |     |      |      |
|        |          | CMS          |               |      |     |      |      |
| N031   | dropdown | Schedule |   | https://www.… |   19 |  41 |   41 |  783 |
|        |          | Samsung VXT  |               |      |     |      |      |
|        |          | CMS — Add C  |               |      |     |      |      |
| N032   | dropdown | Schedule |   | https://www.… |   28 |  51 |   51 |  900 |
|        |          | Samsung VXT  |               |      |     |      |      |
|        |          | CMS — Add C  |               |      |     |      |      |
| N033   | page     | Schedule |   | https://www.… |   43 |  65 |   65 |  778 |
|        |          | Samsung VXT  |               |      |     |      |      |
|        |          | CMS — Augus  |               |      |     |      |      |
| N034   | page     | Schedule |   | https://www.… |   14 |  36 |   36 |  687 |
|        |          | Samsung VXT  |               |      |     |      |      |
|        |          | CMS — div    |               |      |     |      |      |
+-----------------------------------------------------------------------------+
Main = actionable in the content area (excludes the header/left menu) · Act = 
all actionable · Intr = extracted · DOM = nodes on the page.
34 states, 80 transitions, 864 actionable elements (414 outside the app frame).
Open navgraph.mmd in VS Code or GitHub to view the map.
